// Jest Snapshot v1, https://goo.gl/fbAQLP

exports[`Renders main react component correctly 1`] = `
<DocumentFragment>
  <div
    class="min-h-screen bg-background flex flex-col"
  >
    <header
      class="bg-header h-14 p-3 flex items-center justify-between"
    >
      <img
        alt="Tractian logo"
        class="h-5 aspect-auto hidden sm:block"
        src="./tractian.svg"
      />
      <div
        class="flex items-center gap-2 grow justify-end"
      />
    </header>
    <main
      class="grow bg-white m-[10px] rounded-lg border border-border p-4 flex flex-col"
    >
      <div
        class="flex justify-between"
      >
        <div
          class="hidden sm:flex sm:gap-2 sm:items-end"
        >
          <span
            class="text-title font-bold text-2xl"
          >
            Assets
          </span>
        </div>
        <div
          class="flex items-center gap-2 justify-end grow"
        >
          <button
            class="border rounded py-[6px] px-3 flex items-center gap-[6px] bg-white border-border"
          >
            <svg
              class="tabler-icon tabler-icon-bolt text-button-company-active"
              fill="none"
              height="20"
              stroke="currentColor"
              stroke-linecap="round"
              stroke-linejoin="round"
              stroke-width="2"
              viewBox="0 0 24 24"
              width="20"
              xmlns="http://www.w3.org/2000/svg"
            >
              <path
                d="M13 3l0 7l6 0l-8 11l0 -7l-6 0l8 -11"
              />
            </svg>
            <span
              class="whitespace-nowrap font-medium text-secondary"
            >
              Energy Sensor
            </span>
          </button>
          <button
            class="border rounded py-[6px] px-3 flex items-center gap-[6px] bg-white border-border"
          >
            <svg
              class="tabler-icon tabler-icon-alert-circle text-button-company-active"
              fill="none"
              height="20"
              stroke="currentColor"
              stroke-linecap="round"
              stroke-linejoin="round"
              stroke-width="2"
              viewBox="0 0 24 24"
              width="20"
              xmlns="http://www.w3.org/2000/svg"
            >
              <path
                d="M3 12a9 9 0 1 0 18 0a9 9 0 0 0 -18 0"
              />
              <path
                d="M12 8v4"
              />
              <path
                d="M12 16h.01"
              />
            </svg>
            <span
              class="whitespace-nowrap font-medium text-secondary"
            >
              Alert
            </span>
          </button>
        </div>
      </div>
      <div
        class="mt-3 flex gap-4 lg:gap-2 grow flex-col lg:flex-row"
      >
        <div
          class="flex flex-col grow-0 basis-[350px] lg:grow-[3] lg:basis-0 min-w-0 border border-border rounded"
        >
          <div
            class="flex items-center border-b border-border"
          >
            <input
              class="w-full p-3 outline-none"
              placeholder="Search Asset or Location"
              value=""
            />
            <div
              class="h-full aspect-square flex items-center justify-center cursor-default"
            >
              <svg
                class="tabler-icon tabler-icon-search "
                fill="none"
                height="16"
                stroke="currentColor"
                stroke-linecap="round"
                stroke-linejoin="round"
                stroke-width="2"
                viewBox="0 0 24 24"
                width="16"
                xmlns="http://www.w3.org/2000/svg"
              >
                <path
                  d="M10 10m-7 0a7 7 0 1 0 14 0a7 7 0 1 0 -14 0"
                />
                <path
                  d="M21 21l-6 -6"
                />
              </svg>
            </div>
          </div>
          <div
            class="flex items-center p-2 gap-2"
          >
            <button
              class="flex-1 border border-border rounded py-[6px] px-3 flex items-center justify-center"
            >
              <span
                class="font-medium text-secondary"
              >
                Collapse All
              </span>
            </button>
            <button
              class="flex-1 border border-border rounded py-[6px] px-3 flex items-center justify-center"
            >
              <span
                class="font-medium text-secondary"
              >
                Expand All
              </span>
            </button>
          </div>
          <div
            class="flex-auto"
          >
            <div
              style="overflow: visible; height: 0px; width: 0px;"
            />
            <div
              class="resize-triggers"
            >
              <div
                class="expand-trigger"
              >
                <div
                  style="width: 1px; height: 1px;"
                />
              </div>
              <div
                class="contract-trigger"
              />
            </div>
          </div>
        </div>
        <div
          class="flex flex-col flex-auto lg:basis-0 lg:grow-[7] min-w-0 border border-border rounded"
        />
      </div>
    </main>
  </div>
</DocumentFragment>
`;
